[form.jotform.com/222947341354053.html]
[backblue.gif]
[fade.gif]
[index.html]
[cdn01.jotfor.ms/themes/CSS/5e6b428acc8c4e222d1beb91b8e5.css]
[cdn02.jotfor.ms/css/styles/payment/payment_stylesf069.css]
[cdn03.jotfor.ms/css/styles/payment/payment_featuref069.css]
[cdn01.jotfor.ms/static/prototype.formsf069.js]
[cdn02.jotfor.ms/static/jotform.formsf069.js]
[files.jotform.com/jufs/devjameschidi/form_files/IMG_3572-removebg-preview.635469a12c89d1.25616529b075.png]
[files.jotform.com/jufs/devjameschidi/form_files/IMG_3572.63546dc5e68f26.61060502db4d.JPG]
[files.jotform.com/jufs/devjameschidi/form_files/1b5c6a1f99acf9e8e2466f873e79a21a--jesus-photo-jason-momoa-removebg-preview.63546ee060a1e2.103829035254.png]
[cdn.jotfor.ms/js/vendor/smoothscroll.mina36b.js]
[form.jotform.com/222947341354053.html]
[cdn01.jotfor.ms/themes/CSS/5e6b428acc8c4e222d1beb91b8e5.css]
[cdn.jotfor.ms/js/errorNavigationa36b.js]
[cdn.jotfor.ms/images/exclamation-octagon.png]
[cdn.jotfor.ms/assets/img/payments/product_delete.png]
[cdn.jotfor.ms/assets/img/payments/product_settings.png]
[cdn.jotfor.ms/assets/img/payments/product_drag.png]
[cdn02.jotfor.ms/css/styles/payment/payment_stylesf069.css]
[cdn.jotfor.ms/assets/img/builder/search_icon.png]
[cdn.jotfor.ms/assets/img/payments/sort_icon.png]
[cdn03.jotfor.ms/css/styles/payment/payment_featuref069.css]
[cdn01.jotfor.ms/static/prototype.formsf069.js]
[form.jotform.com/AppleWebKit/index.html]
[form.jotform.com/submit.14.delayed]
[form.jotform.com/server.15.delayed]
[www.jotform.com/jfFormFooter/assets/js/main.min0c2f.html]
[form.jotform.com/Trident/index.html]
[form.jotform.com/edit/index.html]
[form.jotform.com/index.html]
[form.jotform.com/js/vendor/json2.19.delayed]
[cdn.jotfor.ms/js/vendor/json2.js]
[form.jotform.com/frm.1b.delayed]
[form.jotform.com/this.1c.delayed]
[form.jotform.com/POST.1d.delayed]
[form.jotform.com/API.1e.delayed]
[form.jotform.com/index.20.delayed]
[form.jotform.com/datepicker.21.delayed]
[form.jotform.com/safari/index.html]
[form.jotform.com/mobile.responsive.min.22.delayed]
[cdn.jotfor.ms/mobile.responsive.min.css]
[widgets.jotform.io/mobileResponsive/mobile.responsive.min.css]
[form.jotform.com/china.jotfor.25.delayed]
[cdn.jotfor.ms/js/form-testerbb43.js]
[form.jotform.com/noImage-placeholder.27.delayed]
[cdn02.jotfor.ms/static/jotform.formsf069.js]
[cdn.jotfor.ms/js/vendor/smoothscroll.mina36b.js]
[cdn.jotfor.ms/js/errorNavigationa36b.js]
[form.jotform.com/AppleWebKit/index.html]
[form.jotform.com/Trident/index.html]
[form.jotform.com/edit/index.html]
[form.jotform.com/index.html]
[cdn.jotfor.ms/jfFormFooter/assets/css/main.min.html]
[cdn.jotfor.ms/assets/img/logo/logo-new@1x.png]
[www.jotform.com/jfFormFooter/assets/js/main.min0c2f.html]
[cdn.jotfor.ms/js/vendor/json2.js]
[form.jotform.com/safari/index.html]
[cdn.jotfor.ms/mobile.responsive.min.html]
[widgets.jotform.io/mobileResponsive/mobile.responsive.min.css]
[cdn.jotfor.ms/js/form-testerbb43.js]
[cdn.jotfor.ms/jfFormFooter/assets/css/main.min.html]
